// Jest Snapshot v1, https://goo.gl/fbAQLP

exports[`Snapshot test for getMarkup (fn) 1`] = `"<div class="welcome">Hello world!</div>"`;
